---
source: src/recipe/stage2/about.rs
expression: err
---
  × Parsing: Failed to parse URL: relative URL without a base
   ╭─[6:1]
 6 │         about:
 7 │             homepage: license_urla.asda:://sdskd
   ·                       ─────────────┬────────────
   ·                                    ╰── here
 8 │         
   ╰────

