---
source: src/recipe/stage1.rs
expression: err
---
  × Parsing: Expected a scalar value.
   ╭─[2:1]
 2 │         context:
 3 │           key: ["not-scalar"]
   ·                ───────┬──────
   ·                       ╰── expected a scalar value here
 4 │ 
   ╰────

